db=# INSERT INTO message (id, label, from_id, from_label, to_id, to_label, textmessage) VALUES ((message_id_nextval('402dd91b-7a14-46ef-adf6-1707135426ee')), '402dd91b-7a14-46ef-adf6-1707135426ee', (SELECT id FROM user_profile WHERE login = 'test-1'), (SELECT label FROM user_profile WHERE login = 'test-1'), (SELECT id FROM user_profile WHERE login = 'test-2'), (SELECT label FROM user_profile WHERE login = 'test-2'), 'message-1');
ERROR:  column "textmessage" of relation "message" does not exist
LINE 1: ...(id, label, from_id, from_label, to_id, to_label, textmessag...
                                                             ^
db=# INSERT INTO message (id, label, from_id, from_label, to_id, to_label, text_message) VALUES ((message_id_nextval('402dd91b-7a14-46ef-adf6-1707135426ee')), '402dd91b-7a14-46ef-adf6-1707135426ee', (SELECT id FROM user_profile WHERE login = 'test-1'), (SELECT label FROM user_profile WHERE login = 'test-1'), (SELECT id FROM user_profile WHERE login = 'test-2'), (SELECT label FROM user_profile WHERE login = 'test-2'), 'message-1');
INSERT 0 1
db=# 
db=# 
db=# INSERT INTO message (id, label, from_id, from_label, to_id, to_label, text_message) VALUES ((message_id_nextval('e13cc11b-dee7-4190-8225-3c08caece235')), 'e13cc11b-dee7-4190-8225-3c08caece235', (SELECT id FROM user_profile WHERE login = 'test-2'), (SELECT label FROM user_profile WHERE login = 'test-2'), (SELECT id FROM user_profile WHERE login = 'test-1'), (SELECT label FROM user_profile WHERE login = 'test-1'), 'message-2');
INSERT 0 1
db=# 
db=# 
db=# SELECT * FROM message;
 id |                label                 | from_id |              from_label              | to_id |               to_label               | text_message 
----+--------------------------------------+---------+--------------------------------------+-------+--------------------------------------+--------------
  3 | 402dd91b-7a14-46ef-adf6-1707135426ee |       2 | 402dd91b-7a14-46ef-adf6-1707135426ee |     1 | e13cc11b-dee7-4190-8225-3c08caece235 | message-1
  1 | e13cc11b-dee7-4190-8225-3c08caece235 |       1 | e13cc11b-dee7-4190-8225-3c08caece235 |     2 | 402dd91b-7a14-46ef-adf6-1707135426ee | message-2
(2 rows)

db=# 
db=# 
db=# SELECT * FROM message_402dd91b_7a14_46ef_adf6_1707135426ee;
 id |                label                 | from_id |              from_label              | to_id |               to_label               | text_message 
----+--------------------------------------+---------+--------------------------------------+-------+--------------------------------------+--------------
  3 | 402dd91b-7a14-46ef-adf6-1707135426ee |       2 | 402dd91b-7a14-46ef-adf6-1707135426ee |     1 | e13cc11b-dee7-4190-8225-3c08caece235 | message-1
(1 row)

db=# 
db=# 
db=# SELECT * FROM message_e13cc11b_dee7_4190_8225_3c08caece235;
 id |                label                 | from_id |              from_label              | to_id |               to_label               | text_message 
----+--------------------------------------+---------+--------------------------------------+-------+--------------------------------------+--------------
  1 | e13cc11b-dee7-4190-8225-3c08caece235 |       1 | e13cc11b-dee7-4190-8225-3c08caece235 |     2 | 402dd91b-7a14-46ef-adf6-1707135426ee | message-2
(1 row)
